 
****************************************
Report : timing
        -path full
        -delay max
        -nets
        -max_paths 1
        -transition_time
Design : top
Version: V-2023.12-SP5
Date   : Wed Apr 23 15:05:20 2025
****************************************

Operating Conditions: tt1p05v25c   Library: saed32rvt_tt1p05v25c
Wire Load Model Mode: enclosed

  Startpoint: deHuffer_ibuff_head_reg_5_
              (rising edge-triggered flip-flop clocked by core_clk)
  Endpoint: deHuffer_block_buff_head_reg_3_
            (rising edge-triggered flip-flop clocked by core_clk)
  Path Group: core_clk
  Path Type: max

  Des/Clust/Port     Wire Load Model       Library
  ------------------------------------------------
  top                16000                 saed32rvt_tt1p05v25c

Attributes:
    d - dont_touch
    u - dont_use
   mo - map_only
   so - size_only
    i - ideal_net or ideal_network
  inf - infeasible path

  Point                                  Fanout     Trans      Incr       Path      Attributes
  ----------------------------------------------------------------------------------------------------
  clock core_clk (rise edge)                                   0.00       0.00
  clock network delay (ideal)                                  0.20       0.20
  deHuffer_ibuff_head_reg_5_/CLK (DFFX2_RVT)         0.08      0.00       0.20 r
  deHuffer_ibuff_head_reg_5_/Q (DFFX2_RVT)           0.13      0.24       0.44 f
  deHuffer_ibuff_head[5] (net)            14                   0.00       0.44 f
  U72525/Y (INVX1_RVT)                               0.03      0.23       0.68 r
  n65593 (net)                             5                   0.00       0.68 r
  U69248/Y (INVX2_RVT)                               0.14      0.20       0.88 f
  n62271 (net)                            29                   0.00       0.88 f
  U69074/Y (INVX1_RVT)                               0.03      0.37       1.25 r
  n65441 (net)                             2                   0.00       1.25 r
  U72571/Y (AO22X1_RVT)                              0.01      0.05       1.30 r
  n65408 (net)                             1                   0.00       1.30 r
  U72572/Y (AO222X1_RVT)                             0.02      0.09       1.38 r
  n65531 (net)                             3                   0.00       1.38 r
  U72578/Y (MUX41X1_RVT)                             0.02      0.08       1.47 r
  n65421 (net)                             2                   0.00       1.47 r
  U69064/Y (INVX0_RVT)                               0.01      0.03       1.50 f
  n65431 (net)                             1                   0.00       1.50 f
  U72606/Y (OA22X1_RVT)                              0.02      0.10       1.60 f
  n65609 (net)                             2                   0.00       1.60 f
  U68968/Y (AO22X1_RVT)                              0.14      0.23       1.84 f
  n65707 (net)                            14                   0.00       1.84 f
  U69056/Y (INVX0_RVT)                               0.03      0.18       2.02 r
  n62234 (net)                             3                   0.00       2.02 r
  U73539/Y (NAND2X0_RVT)                             0.03      0.05       2.07 f
  n66442 (net)                             1                   0.00       2.07 f
  U73540/Y (AO21X1_RVT)                              0.02      0.09       2.16 f
  n66445 (net)                             2                   0.00       2.16 f
  U73541/Y (AOI22X1_RVT)                             0.01      0.10       2.26 r
  n66444 (net)                             1                   0.00       2.26 r
  U73542/Y (OA221X1_RVT)                             0.01      0.04       2.30 r
  n66471 (net)                             1                   0.00       2.30 r
  U73554/Y (NAND4X0_RVT)                             0.05      0.07       2.38 f
  n66473 (net)                             1                   0.00       2.38 f
  U69203/Y (OR2X1_RVT)                               0.06      0.15       2.53 f
  n66899 (net)                             6                   0.00       2.53 f
  U73695/Y (AO221X1_RVT)                             0.02      0.16       2.69 f
  n66891 (net)                             2                   0.00       2.69 f
  U73762/Y (AO21X1_RVT)                              0.02      0.11       2.79 f
  n66889 (net)                             2                   0.00       2.79 f
  U73892/Y (AO21X1_RVT)                              0.02      0.11       2.90 f
  n66888 (net)                             2                   0.00       2.90 f
  U73911/Y (OA221X1_RVT)                             0.03      0.12       3.01 f
  n66881 (net)                             2                   0.00       3.01 f
  U73912/Y (OR2X1_RVT)                               0.02      0.12       3.13 f
  n66880 (net)                             2                   0.00       3.13 f
  U73175/Y (AO21X1_RVT)                              0.01      0.10       3.23 f
  n66879 (net)                             1                   0.00       3.23 f
  U73931/Y (AO22X1_RVT)                              0.02      0.09       3.33 f
  n66882 (net)                             2                   0.00       3.33 f
  U73933/Y (AO221X1_RVT)                             0.02      0.12       3.45 f
  n66886 (net)                             1                   0.00       3.45 f
  U73936/Y (AO222X1_RVT)                             0.01      0.09       3.54 f
  n66890 (net)                             1                   0.00       3.54 f
  U73937/Y (AO22X1_RVT)                              0.01      0.08       3.62 f
  n66893 (net)                             1                   0.00       3.62 f
  U72383/Y (AO22X1_RVT)                              0.03      0.11       3.73 f
  n66959 (net)                             3                   0.00       3.73 f
  U72448/Y (INVX1_RVT)                               0.01      0.11       3.84 r
  n66961 (net)                             3                   0.00       3.84 r
  U69174/Y (NAND2X0_RVT)                             0.07      0.09       3.93 f
  n66964 (net)                             3                   0.00       3.93 f
  U69014/Y (INVX0_RVT)                               0.02      0.09       4.03 r
  n66969 (net)                             2                   0.00       4.03 r
  U72338/Y (NAND2X0_RVT)                             0.15      0.18       4.20 f
  n67096 (net)                             6                   0.00       4.20 f
  U74089/Y (OA22X1_RVT)                              0.02      0.14       4.34 f
  n67103 (net)                             1                   0.00       4.34 f
  U74091/Y (NAND4X0_RVT)                             0.02      0.07       4.42 r
  n67118 (net)                             1                   0.00       4.42 r
  U74096/Y (OA22X1_RVT)                              0.01      0.05       4.46 r
  n67120 (net)                             1                   0.00       4.46 r
  U74097/Y (NAND2X0_RVT)                             0.09      0.10       4.57 f
  n67187 (net)                             3                   0.00       4.57 f
  U72345/Y (AO22X1_RVT)                              0.03      0.14       4.71 f
  n67782 (net)                             2                   0.00       4.71 f
  U68962/SO (HADDX1_RVT)                             0.01      0.16       4.87 r
  n67906 (net)                             3                   0.00       4.87 r
  U69146/Y (INVX1_RVT)                               0.22      0.25       5.12 f
  n67338 (net)                            26                   0.00       5.12 f
  U68967/Y (NAND2X0_RVT)                             0.06      0.29       5.41 r
  n67341 (net)                             5                   0.00       5.41 r
  U68959/Y (NAND3X0_RVT)                             0.09      0.12       5.53 f
  n67390 (net)                             2                   0.00       5.53 f
  U74271/SO (HADDX1_RVT)                             0.03      0.21       5.74 r
  n67378 (net)                            17                   0.00       5.74 r
  U68966/Y (INVX1_RVT)                               0.15      0.22       5.96 f
  n67424 (net)                            16                   0.00       5.96 f
  U74300/Y (AO221X1_RVT)                             0.02      0.21       6.17 f
  n67409 (net)                             1                   0.00       6.17 f
  U74305/Y (OA222X1_RVT)                             0.02      0.11       6.27 f
  n67416 (net)                             1                   0.00       6.27 f
  U74312/Y (AO22X1_RVT)                              0.02      0.09       6.36 f
  n67433 (net)                             1                   0.00       6.36 f
  U72413/Y (AO22X1_RVT)                              0.01      0.09       6.46 f
  n67436 (net)                             1                   0.00       6.46 f
  U74326/Y (OAI222X1_RVT)                            0.01      0.10       6.56 r
  n67440 (net)                             1                   0.00       6.56 r
  U68980/Y (NOR2X0_RVT)                              0.04      0.09       6.65 f
  n67700 (net)                             4                   0.00       6.65 f
  U74549/Y (AND2X1_RVT)                              0.01      0.12       6.77 f
  n67701 (net)                             1                   0.00       6.77 f
  U74550/Y (AO21X1_RVT)                              0.01      0.08       6.84 f
  n67704 (net)                             1                   0.00       6.84 f
  U74551/Y (MUX21X1_RVT)                             0.02      0.10       6.94 f
  n67706 (net)                             1                   0.00       6.94 f
  U74552/Y (NOR2X0_RVT)                              0.01      0.10       7.04 r
  n67708 (net)                             1                   0.00       7.04 r
  U69157/Y (NOR3X0_RVT)                              0.01      0.07       7.11 f
  n67723 (net)                             1                   0.00       7.11 f
  U72388/Y (OAI22X1_RVT)                             0.01      0.10       7.20 r
  n65387 (net)                             1                   0.00       7.20 r
  U74563/Y (OA21X1_RVT)                              0.01      0.04       7.24 r
  n67867 (net)                             1                   0.00       7.24 r
  U69123/Y (OA221X1_RVT)                             0.02      0.07       7.31 r
  n67868 (net)                             5                   0.00       7.31 r
  U72349/Y (NAND2X0_RVT)                             0.03      0.05       7.36 f
  n65365 (net)                             1                   0.00       7.36 f
  U74664/Y (OR3X2_RVT)                               0.01      0.10       7.47 f
  n67877 (net)                             1                   0.00       7.47 f
  U74665/Y (OR3X1_RVT)                               0.01      0.10       7.56 f
  n67880 (net)                             1                   0.00       7.56 f
  U74666/Y (OA21X1_RVT)                              0.02      0.08       7.64 f
  n67882 (net)                             1                   0.00       7.64 f
  U69022/Y (NOR3X0_RVT)                              0.01      0.10       7.74 r
  deHuffer_block_buff_N2556 (net)          2                   0.00       7.74 r
  U69020/Y (NOR3X0_RVT)                              0.06      0.11       7.86 f
  n67977 (net)                             6                   0.00       7.86 f
  U72381/Y (OAI21X1_RVT)                             0.01      0.13       7.99 r
  n65382 (net)                             1                   0.00       7.99 r
  U74672/Y (OAI22X1_RVT)                             0.01      0.06       8.05 f
  n60460 (net)                             1                   0.00       8.05 f
  deHuffer_block_buff_head_reg_3_/D (DFFX1_RVT)      0.01      0.05       8.10 f
  data arrival time                                                       8.10

  clock core_clk (rise edge)                                   9.00       9.00
  clock network delay (ideal)                                  0.20       9.20
  clock uncertainty                                           -0.90       8.30
  deHuffer_block_buff_head_reg_3_/CLK (DFFX1_RVT)              0.00       8.30 r
  library setup time                                          -0.01       8.29
  data required time                                                      8.29
  ----------------------------------------------------------------------------------------------------
  data required time                                                      8.29
  data arrival time                                                      -8.10
  ----------------------------------------------------------------------------------------------------
  slack (MET)                                                             0.19


1
